javac : 
src\com\spp\dao\StudentDAO.java:3: 
error: package com.spp.model does not 
exist
At line:1 char:1
+ javac -d webapp\WEB-INF\classes -cp 
".;webapp\WEB-INF\lib\*;C:\Progra ...
+ ~~~~~~~~~~~~~~~~~~~~~~~~~~~~~~~~~~~~~~~
~~~~~~~~~~~~~~~~~~~~~~~~~~~~~~
    + CategoryInfo          : NotSpecifi 
   ed: (src\com\spp\dao... does not exi  
  st:String) [], RemoteException
    + FullyQualifiedErrorId : NativeComm 
   andError
 
import com.spp.model.Assessment;
                    ^
src\com\spp\dao\StudentDAO.java:4: 
error: package com.spp.model does not 
exist
import com.spp.model.Student;
                    ^
src\com\spp\dao\StudentDAO.java:5: 
error: package com.spp.util does not 
exist
import com.spp.util.DBUtil;
                   ^
src\com\spp\dao\StudentDAO.java:20: 
error: cannot find symbol
    public List<Student> 
getAllStudents() {
                ^
  symbol:   class Student
  location: class StudentDAO
src\com\spp\dao\StudentDAO.java:72: 
error: cannot find symbol
    private List<Assessment> 
getRecentAssessments(Connection conn, 
String rollNo) {
                 ^
  symbol:   class Assessment
  location: class StudentDAO
src\com\spp\dao\AssessmentDAO.java:3: 
error: package com.spp.model does not 
exist
import com.spp.model.Assessment;
                    ^
src\com\spp\dao\AssessmentDAO.java:4: 
error: package com.spp.util does not 
exist
import com.spp.util.DBUtil;
                   ^
src\com\spp\dao\AssessmentDAO.java:12: 
error: cannot find symbol
    public boolean 
saveAssessment(Assessment assessment, 
String rollNo) {
                                  ^
  symbol:   class Assessment
  location: class AssessmentDAO
src\com\spp\dao\AttendanceDAO.java:3: 
error: package com.spp.model does not 
exist
import com.spp.model.AttendanceRecord;
                    ^
src\com\spp\dao\AttendanceDAO.java:4: 
error: package com.spp.util does not 
exist
import com.spp.util.DBUtil;
                   ^
src\com\spp\dao\AttendanceDAO.java:14: 
error: cannot find symbol
    public boolean 
saveAttendance(List<AttendanceRecord> 
records, String dateStr) {
                                       ^
  symbol:   class AttendanceRecord
  location: class AttendanceDAO
src\com\spp\dao\StudentDAO.java:21: 
error: cannot find symbol
        List<Student> students = new 
ArrayList<>();
             ^
  symbol:   class Student
  location: class StudentDAO
src\com\spp\dao\StudentDAO.java:33: 
error: cannot find symbol
        try (Connection conn = 
DBUtil.getConnection();
                               ^
  symbol:   variable DBUtil
  location: class StudentDAO
src\com\spp\dao\StudentDAO.java:38: 
error: cannot find symbol
                Student s = new 
Student();
                ^
  symbol:   class Student
  location: class StudentDAO
src\com\spp\dao\StudentDAO.java:38: 
error: cannot find symbol
                Student s = new 
Student();
                                ^
  symbol:   class Student
  location: class StudentDAO
src\com\spp\dao\StudentDAO.java:73: 
error: cannot find symbol
        List<Assessment> list = new 
ArrayList<>();
             ^
  symbol:   class Assessment
  location: class StudentDAO
src\com\spp\dao\StudentDAO.java:81: 
error: cannot find symbol
                    Assessment a = new 
Assessment();
                    ^
  symbol:   class Assessment
  location: class StudentDAO
src\com\spp\dao\StudentDAO.java:81: 
error: cannot find symbol
                    Assessment a = new 
Assessment();
                                       ^
  symbol:   class Assessment
  location: class StudentDAO
src\com\spp\dao\AssessmentDAO.java:14: 
error: cannot find symbol
        try (Connection conn = 
DBUtil.getConnection();
                               ^
  symbol:   variable DBUtil
  location: class AssessmentDAO
src\com\spp\dao\AttendanceDAO.java:22: 
error: cannot find symbol
        try (Connection conn = 
DBUtil.getConnection()) {
                               ^
  symbol:   variable DBUtil
  location: class AttendanceDAO
src\com\spp\dao\AttendanceDAO.java:25: 
error: cannot find symbol
                for (AttendanceRecord r 
: records) {
                     ^
  symbol:   class AttendanceRecord
  location: class AttendanceDAO
21 errors
